// Jest Snapshot v1, https://goo.gl/fbAQLP

exports[`snapshot testing example 1`] = `
<div
  className="App"
>
  <div
    className="App-header"
  >
    <span>
      v
      DEV
    </span>
       
    <button
      className="btn btn-xs glyphicon glyphicon-wrench btn btn-default"
      disabled={false}
      onClick={[Function]}
      type="button"
    />
     
    <button
      className="btn btn-xs glyphicon glyphicon-repeat btn btn-default"
      disabled={true}
      onClick={[Function]}
      title="Reset"
      type="button"
    />
  </div>
  <div>
    <div
      className="btn-group"
      title="Sync"
    >
      <button
        className="preselected-time-range btn btn-default"
        disabled={false}
        onClick={[Function]}
        type="button"
      >
        15 mins
      </button>
      <button
        className="preselected-time-range btn btn-default"
        disabled={false}
        onClick={[Function]}
        type="button"
      >
        1 hour
      </button>
      <button
        className="preselected-time-range btn btn-default"
        disabled={false}
        onClick={[Function]}
        type="button"
      >
        1 day
      </button>
      <button
        className="preselected-time-range btn btn-default"
        disabled={false}
        onClick={[Function]}
        type="button"
      >
        1 week
      </button>
      <button
        className="preselected-time-range btn btn-default"
        disabled={false}
        onClick={[Function]}
        type="button"
      >
        1 month
      </button>
      <button
        className="btn btn-default"
        disabled={false}
        onClick={[Function]}
        type="button"
      >
        Custom...
      </button>
    </div>
    <div>
      <div
        className="dropdown btn-group btn-group-xs btn-group-default"
      >
        <button
          aria-expanded={false}
          aria-haspopup={true}
          className="dropdown-toggle btn btn-xs btn-default active"
          disabled={false}
          id="split-button-pending"
          onClick={[Function]}
          onKeyDown={[Function]}
          role="button"
          type="button"
        >
          <span>
            Pending 
            <span
              className="badge"
            >
              0
            </span>
          </span>
           
          <span
            className="caret"
          />
        </button>
        <ul
          aria-labelledby="split-button-pending"
          className="dropdown-menu"
          role="menu"
        >
          <li
            className="disabled"
            role="presentation"
            style={undefined}
          >
            <a
              href="#"
              onClick={[Function]}
              onKeyDown={[Function]}
              role="menuitem"
              tabIndex="-1"
            >
              Show
            </a>
          </li>
          <li
            className=""
            role="presentation"
            style={undefined}
          >
            <a
              href="#"
              onClick={[Function]}
              onKeyDown={[Function]}
              role="menuitem"
              tabIndex="-1"
            >
              Ack all
            </a>
          </li>
        </ul>
      </div>
    </div>
    <div
      className="container-fluid"
    />
    <div
      className="container-fluid"
    />
  </div>
</div>
`;
